                        ################################
                        # TEST 2-matrix_divided MODULE #
                        ################################

if there is enough lines in module
>>> moduleLines = __import__('2-matrix_divided').__doc__
>>> len(moduleLines) > 5
True

                    *******************************************

if there is enough lines in function
>>> funtctionLines = __import__('2-matrix_divided').matrix_divided.__doc__
>>> len(funtctionLines) > 5
True

                    *******************************************

Import module
>>> matrix_divided = __import__('2-matrix_divided').matrix_divided

                    *******************************************

print matrix while dividing elements by 3
>>> matrix = [[1, 2, 3], [4, 5, 6]]
>>> print(matrix_divided(matrix, 3))
[[0.33, 0.67, 1.0], [1.33, 1.67, 2.0]]

                    *******************************************

print matrix without div argument
>>> matrix = [[1, 2, 3], [4, 5, 6]]
>>> print(matrix_divided(matrix))
Traceback (most recent call last):
...
TypeError: matrix_divided() missing 1 required positional argument: 'div'

                    *******************************************

print matrix with element 0
>>> matrix = [[0, 1, 2], [3, 4, 0]]
>>> print(matrix_divided(matrix, 3))
[[0.0, 0.33, 0.67], [1.0, 1.33, 0.0]]

                    *******************************************

print matrix with div 0
>>> matrix = [[1, 2, 3], [4, 5, 6]]
>>> print(matrix_divided(matrix, 0))
Traceback (most recent call last):
...
ZeroDivisionError: division by zero

                    *******************************************

print void matrix
>>> matrix = [[]]
>>> print(matrix_divided(matrix, 3))
[[]]

                    *******************************************

div is string
>>> matrix = [[1, 2, 3], [4, 5, 6]]
>>> print(matrix_divided(matrix, "string"))
Traceback (most recent call last):
...
TypeError: div must be a number

                    *******************************************

matrix is string
>>> matrix = [["one", "two"], ["three", 4, 5.5]]
>>> print(matrix_divided(matrix, 3))
Traceback (most recent call last):
...
TypeError: unsupported operand type(s) for /: 'str' and 'int'

                    *******************************************